// Jest Snapshot v1, https://goo.gl/fbAQLP

exports[`usePage unit tests snapshot test 1`] = `
{
  "clear": [Function],
  "pop": [Function],
  "push": [Function],
  "replace": [Function],
  "stack": [],
}
`;
